status: PASS
data: b'Authentication-Data'
server_msg: b'ASCII authentication accepted'
