control-socket-server         namespace = internal
