Modify ou=people,dc=example,dc=com uid=jane,ou=people,dc=example,dc=com  jane
