Delete ou=people,dc=example,dc=com uid=bill,ou=people,dc=example,dc=com  bill
