Modify ou=people,dc=example,dc=com uid=anne,ou=people,dc=example,dc=com uid=ann,ou=people,dc=example,dc=com anne
