Delete ou=groups,dc=example,dc=com cn=baz,ou=groups,dc=example,dc=com 
