Modify CN=Users,dc=example,dc=com CN=fred,CN=Users,DC=example,DC=com fred 512 
