Delete CN=Deleted Objects,dc=example,dc=com CN=bob\0ADEL:oldid,CN=Deleted Objects,DC=example,DC=com bob 514 TRUE
