Modify ou=groups,dc=example,dc=com cn=bar,ou=groups,dc=example,dc=com 
Group member uid=jane,ou=people,dc=example,dc=com
